// Jest Snapshot v1, https://goo.gl/fbAQLP

exports[`Pruebas en <LoginScreen /> Deberia coincidir con el Snapshot 1`] = `
<main>
  <h1
    className="text-center"
  >
    Login Screen
  </h1>
  <hr />
  <button
    className="btn btn-primary"
    onClick={[Function]}
  >
    Login
  </button>
</main>
`;
